time="2026-04-30 18:45:12" level=info msg="Logger initialised"
time="2026-04-30 18:47:17" level=info msg="Logger initialised"
time="2026-04-30 18:48:46" level=info msg="Logger initialised"
time="2026-04-30 18:48:46" level=info msg="Server running on port8080"
time="2026-04-30 20:46:52" level=info msg="Logger initialised"
time="2026-04-30 20:46:53" level=info msg="Server running on port8080"
time="2026-04-30 20:54:24" level=info msg="Logger initialised"
time="2026-04-30 20:54:24" level=info msg="Server running on port8080"
time="2026-04-30 20:57:16" level=info msg="Signup:hashin@gmail.com"
time="2026-04-30 20:57:23" level=info msg="OTP sent to hashin@gmail.com"
time="2026-04-30 21:09:45" level=error msg="Login failed:user not verified"
time="2026-04-30 21:12:03" level=info msg="Signup:rcbcsk854777@gmail.com"
time="2026-04-30 21:12:09" level=info msg="OTP sent to rcbcsk854777@gmail.com"
time="2026-04-30 21:16:59" level=warning msg="OTP failed:OTP expired"
time="2026-04-30 21:23:13" level=info msg="Signup:hanana@gmail.com"
time="2026-04-30 21:23:19" level=info msg="OTP sent to hanana@gmail.com"time="2026-05-05 10:56:18" level=info msg="Logger initialised"
time="2026-05-05 10:56:18" level=info msg="Server running on port8080"
time="2026-05-05 11:00:35" level=warning msg="AuthMiddleware triggered, but authorization header is missing. URL: /products, Method: POST"
time="2026-05-05 11:30:23" level=info msg="Logger initialised"
time="2026-05-05 11:30:23" level=info msg="Server running on port8080"
time="2026-05-12 11:03:24" level=info msg="Logger initialised"
time="2026-05-12 11:03:25" level=info msg="Server running on port8080"
time="2026-05-12 11:07:34" level=info msg="Logger initialised"
time="2026-05-12 11:07:35" level=info msg="Server running on port8080"
time="2026-05-12 11:08:21" level=error msg="Signup failed:email already exists"
time="2026-05-12 11:37:06" level=info msg="Logger initialised"
time="2026-05-12 11:37:07" level=info msg="Server running on port8080"
time="2026-05-12 11:57:24" level=info msg="Logger initialised"
time="2026-05-12 11:57:25" level=info msg="Server running on port8080"
time="2026-05-12 12:12:31" level=warning msg="OTP failed:already verified"
time="2026-05-12 12:12:46" level=warning msg="Refresh failed:invalid token"
time="2026-05-12 14:12:19" level=error msg="Signup failed:email already exists"
time="2026-05-12 14:13:06" level=warning msg="OTP failed:already verified"
time="2026-05-14 14:02:55" level=info msg="Logger initialised"
time="2026-05-14 14:02:55" level=warning msg="Failed to connect to Cloudinary: cloudinary credentials not found in environment variables"
time="2026-05-14 14:02:57" level=info msg="Server running on port8080"
time="2026-05-14 14:06:37" level=error msg="Signup failed:email already exists"
time="2026-05-14 14:06:50" level=warning msg="OTP failed:already verified"
time="2026-05-14 14:11:57" level=info msg="Logger initialised"
time="2026-05-14 14:11:57" level=warning msg="Failed to connect to Cloudinary: cloudinary credentials not found in environment variables"
time="2026-05-14 14:11:58" level=info msg="Server running on port8080"
time="2026-05-14 14:12:13" level=warning msg="OTP failed:already verified"
time="2026-05-14 15:50:12" level=info msg="Logger initialised"
time="2026-05-14 15:50:12" level=warning msg="Failed to connect to Cloudinary: cloudinary credentials not found in environment variables"
time="2026-05-14 15:50:13" level=info msg="Server running on port8080"
time="2026-05-14 15:53:41" level=info msg="OTP sent to rcbcsk854777@gmail.com (Reset: true)"
time="2026-05-14 16:11:00" level=info msg="Logger initialised"
time="2026-05-14 16:11:00" level=warning msg="Failed to connect to Cloudinary: cloudinary credentials not found in environment variables"
time="2026-05-14 16:11:01" level=info msg="Server running on port8080"
